SEQUENCE: cgcgaauuagcgcgcgaauuagcg
SCORE:     score     fa_atr     fa_rep    fa_intra_rep    lk_nonpolar    fa_elec_rna_phos_phos    rna_torsion    suiteness_bonus    rna_sugar_close    fa_stack    stack_elec    geom_sol_fast    hbond_sr_bb_sc    hbond_lr_bb_sc    hbond_sc        ref    free_suite    free_2HOprime    intermol    other_pose    loop_close    linear_chainbreak                                                                                  description
REMARK BINARY SILENTFILE    FULL_MODEL_PARAMETERS  FULL_SEQUENCE cgcgaauuagcgcgcgaauuagcg  CONVENTIONAL_RES_CHAIN A:1-12,B:13-24  CUTPOINT_OPEN 12  DOCK_DOMAIN 1-24  FIXED_DOMAIN 1-24  INPUT_DOMAIN 1-24  WORKING 1-24
SCORE:    26.202    -63.099     25.459           0.638          1.831                   -1.979         28.752              0.000             16.420     -57.715        -3.210           24.032             0.000             0.000     -33.786     86.560         0.000            0.000       2.300         0.000         0.000                0.000 157d_bps_NATIVE_157d.pdb
RES_NUM A:1-12 B:13-24 157d_bps_NATIVE_157d.pdb
FOLD_TREE  EDGE 1 12 -1  JEDGE 12 13 1 C4 C2  INTRA_RES_STUB  EDGE 13 24 -1  157d_bps_NATIVE_157d.pdb
RT -0.975698 0.209859 0.0630315 0.186765 0.946918 -0.261657 -0.114597 -0.243526 -0.9631 6.19789 0.157259 0.0828119   157d_bps_NATIVE_157d.pdb
ANNOTATED_SEQUENCE: c[RCY:LowerRNA:Virtual_Phosphate]gcgaauuagcg[RGU:UpperRNA]c[RCY:LowerRNA:Virtual_Phosphate]gcgaauuagcg[RGU:UpperRNA] 157d_bps_NATIVE_157d.pdb
CHAIN_ENDINGS  12 157d_bps_NATIVE_157d.pdb
LO5XCBBRdh/Lm35VQ5P1+ApTWk+76bGXQoOxCBRFUj9rGRtUQlDt/ANy2JB8xLdVQc9IABlsdKCMZ7UWQmuJ5AZPKsC8cotVQ9owuA5kYoCsmZOWQ14l3AVNetCMpwNUQe++/A9RhDDcc9gTQbnvmAFue0Ccc9QVQQgVtA56RJDs/ULUQKc9wA56RxDcO0qUQf/UhAV46NCspbyUQEtIPAR2OTCMRLKUQEtIHARgV2CcKc9TQqGvEAlBBeBs8SvTQMdTMABqGPAsU46TQ2jCBABrcY+757fTQqxLgAFueEA8yhmUQlYQlApFZLBcc9AVQhz19A9veCCcmWOXQqK3DBpZKUCMYMYWQeF+7ABgdID8JZ8VQ2xH3AJuKQCs+w3TQdjchAZHCJDcnCmVQ34GqAptZJD8pMSTQ2E9qAxFtCEMXwrUQI1jGAtiNR6L9WoTQX4bm/QbAq+LXoDTQa5MjAR39W+7RuwUQlqGsAVwhFBcr1eVQ 157d_bps_NATIVE_157d.pdb
L35bABdSMEDMDC8RQiBBBBtz3XCcdTaRQMIQFBR2OfDMnErRQPKc2AR2ObDsDtYRQ14l0Apw1DEM7RxRQv0NrAxeUKEMW54QQYlDiA1jC/D8eUYRQXPKsAxfqDEsU46OQhrHyAVMIQEstzHNQXPKWAJbnzDsoFRQQepbgAZ78BEMnEDOQDCsaAhArWE8NJWNQv0NB/gWklB8z3vNQtd+u+MHadCMAAQNQGEYN/+RhnCciBxLQZQgl/AW58CcJGEOQW5QDAluJtCMqGfPQJbnHApa8CCMnEDQQ+TNy/IFuGB8MzMPQPf/0/UiBx/ra8iPQBrcaA5Of/BsEDyQQf/UgAZktnC80N5QQZQgTAd9oEDcNeRQQ9d9yAdecEEs7juSQfOG7ANdJMEM/ImRQtaNqAR51ZE8RG9QQvIVvAhRtqD8qa1OQJ7EIA96iAEstBXQQda/eAVwcuDsWwoMQ67sLA5XdWE8xOxMQqjCI+CWh+A8xYBNQW6xY/OoeFDMpgTLQagHq/i6BRC8JJJLQ6r1mABBYwCsnhXRQ 157d_bps_NATIVE_157d.pdb
LzhW1AJv0HE8d+OKQ3578Atz3rDMmuJKQy255ARf/aEMaR2IQU46pAhVOCEMVj3IQLHalAhrHTEsnvfGQlYQYAtz3JEMZ7cDQueUMA1is5DMoa8GQdTidAZkt3DsArc9PSMIiAJaRGEcy25vPsyhCAFDCYDsa8yDQjX6IAx1jeDMW5Q8PqGv0/0NJ6DcJGE2PXPKKAVO0uC8coFGQ8S38/04lKC8kYwEQqxLd/gWkNC8IbnBQepbEANIwKBciBBHQzMzUApbSEBsnvPJQHaRaAdTix/bzMTKQpbSgAltzHCMDC8JQqGvaAFZ7sCMCsyIQtlEjAN/yeEcfxaIQsm6qAdnfYEcxSDEQ35QPAponVEsfJKCQpZdkAl6rjD8umc/PTPzl/0/EZD8nHEEQD+VLARxNDDMVSo4Pt22S/MEPrD8vHK0P8RHjA5yYq/bY+jLQm5USAhuBK+7IzzJQeBQmA1LqGCMEZNLQLZUhAdMAHDsCrPJQ 157d_bps_NATIVE_157d.pdb
LQgVuAJGECEsArcYvgqx0ApGvwDsTiB4PEYlxAZPKYEs9owtv99TsARgVmDcdTi6vc9olApFZ3DsTihBwcSMcA5OfTD8is9CwiBBSA57nGDc2Of8vY6miAZktrC8fqRFw5QLnA5QLqC8isNJwlDtKAtd+aCsqxL+vamZSA1NJOCsEDiEwzMzEAlBBWCcPKcIwktzFA56Rh6rEDCyPdTi1/YktT9LZ78tvb8SP/Mepb07P143vyLd7/oZmBA8P143vEtINAZmZuAcktzrv03PZA9S3UAcf/UzPiWkVAFYlD+7d++5Pv0NfAFCsy77MzsAQlDtjAJv0VBsoFZ4P9owhApZmJCsqxLlP5luTA557/B8coFzvcT2hANvWIE866MAwDLNqARwv/DcBWiEwvanRAVFNeD8qDiFwrKToAVuEhC8A77CwTmG2/MASZC8F789vDw/WAlmngBcVUJEwgraw/s7dDCMV2SIwd+BCAtBIW8Dco42Pxsib+Yhq06rF7K+vbS+D/0PHa9DH1+xvLpmlAVG7kCMA7VlP 157d_bps_NATIVE_157d.pdb
LdoFwA56RFCMoa8JwwKH4AdR2CC8d+eHwkCX0A1hWUCsEDiMwY6mpAZktzAcjXKKw4P1iAd++hA8KHaMwrcobABVjX+7MzsLwtIbZA9S3U+rSM4IwqGvlAFDCsy7coFMwwKHoAtyhW6zOfvOw1NJYApGv05DpwFIwEYlgAFueE+zIbXKw++pQApvfK/zkYAMw++pnAluJJB0IbnfvCBWhAhU4aBET3k5vgqxdA14lmA0bSsAwBrcjA9mEz+jtz3/vtd+pAlsd+9T46R3vW5QsAdSM4/zbSMYPFueyApFZb/TzMz4PXPKtAh/Uj67coF5v8naoAxgAr8rsd+AwBrciABrco6zfqRDwl7FbAxF/PBMuUlMw0mMnAhg5fAsjJCOwX/lNABvPP+7LHkMwMCesApxnx571ZLLw9PkJA1y4L8DSMaHw1d3lANTuW/jGlsJwrPMJAJKHSAEJSALw+ggcAZiMKCEw4G6vi7zzAdUWbAU91A+P3jx1At4VV9DDzx5PAtIpApgqH/bXLkCw 157d_bps_NATIVE_157d.pdb
LGZ7zAxeUY8jQg1Pw8na8A9mED4rmZWOwLHazAVO0i4jWkVRwvJx0Apa8KAEXPaPwTiBsAxfqBBE8nCQwNzMtAluJJCUMIgOwhrHqANHaBCkSM4LwTiB4AtHFeCkrHVOwpw17AxgA3C0d+OQwEYlwARgVaCEueEKwjsd3AxgA3CknvvLwlYQyARgVeDEv0NMw14FBBVO0KCk/UjvvsHF9A5kYsC0Ibn4vlDt4AluJtCkSMIBwqxL6ApFZHCk++pDwlYQ/AtIbHBECsyBwpbyBBNy2JBEnED5vzhWEBpZmJAUKc9wvQgV/AJwKHAErcoFw99T6A5kYoAkBB2IwjX62AVO06BUc9YIwzHTlANxmkAEBNpPwAiMsAJHgNBEwKARwZ3ioA92IfCk6tRPwa0e9ANDAICUo+COw9H7rApp0rCkMp7Iwr3j+A9cd6CERK8Kw8+5xA5EbuDUZViKw2ph8AJVFHDUthExvLmyFBBcCQA0JmFrPQ9zEBVv8m+jjHV4vNtG5A9OgJAEZjhKw 157d_bps_NATIVE_157d.pdb
L++JEBlsdyCUHapQwmuJGBZQgFCk8SfQwU46DBx1j+C0coFSwT3EHBluJRDECsSPwjsdGBVO0+DkX6mPwktzHB5OfHE0NJ2Mw14lFBZmZyD0Of/KwktzNB5OfFEEoaMMwqGvQBBVjXE01jSNwiBhIB14l2DUMIgIwzMTNBluJJEkSMIJwBWZMBlCXfE03PFJwhALKBJwKLD0is9Gw+TNMB989HDEpw1BwqGvMBdnvnDEBW59v/pmNBxeUgCEnEDAw14FNB56R5BkDtIDwGZbOBZ5QzA0d++Awtd+KBpbSAC0xLNIwY6mJBZPKoC0hWEJwKNyCBdigCEUbMFQwLc7IBJpaEEEb5fQwjgOGBtNtVEUtRnMws/KPBhEDwDEwf7MwSfSGBFqeCEk+iUGwBQbQBhkpDEkKrKIwkS/LBhiBkE0URcGwM1APBlUteC0Azy4vtFjKBNPhNBEPyUJwx8JIBF99qC0MM4Kw 157d_bps_NATIVE_157d.pdb
LvJRWBtxLREEEY1OwEtoVB56R1DU46xPwe+eWBlX6gEkYQgQwjsdaBpbSUEEqGfMw35bZB9RhjEkDtYKwzMzcBtHFgEEsyBIw4PVaB5kYYEUKcdDwoaMhB5P1WE0eUIIwwKHjB125lEEShLJwYlDeBV46LE0HFOAwnvvhBhrHTEU46RCw67XiBxfqnE0coFAwDCMdB9owpDE+TNBw1NpeB5luND0Jxg6vWOUgBViBZDEAAAovWO0dBNzMjCk/Uj8vc9obB1hWUC0yh2CwwKHbBlYQYB0IbHDwlDNaBpZmxC0257GwxgAbBlCXbDU3k4FwwjrVBV/YiE0n21Jwg3GaBdp+xEUtHELwWDZeBV0wtEkx6/GwxwLhBlY6JEk5TPJw9l0dB5C5OEUIIw4vXGIjBxhNIEk2AvBw1kviBF8FmEEC1g4vR15eBlJKPCkzN31vXNtYBJHKnCUkHKJwC/CaBhBIwDEV8UIw 157d_bps_NATIVE_157d.pdb
L8SXlBlX6eEUMIQLw2jSkBhWkREUbnfNwCBWmBtHF0E0HFOMwMIgnBpGvSEUgVeJwyLtpBlYQeEUktTIwaRmqBpGvQE0eU4DwqGPoBhpbIEk8SXBwQgFsB5P14DkVOUFwBrsuB13P9DUHaRHwY62oBRf/oDU14l9vxgwrBBVjfDEW5QAw/UjtBNzMrDET3k4vRLSmB9owdAUKc9yvktznBhrHVBUzMzMP/pWoBx1jSCUf/Urv5QLnBRf/cCE+TN8vJGklBpFZDCUIwKBwpwFlBx1jyAkVO0+vRLijBRhr3/TiBBCwFuukBRf/YCkWktFwnEzlBtd++CUgVOFwWOUnBtz3DDUMIwAwhuFpBFgesEky5gHwwtHrBh73fEUbepJw3VlrBhl1ZEkyiXBwBZErBtlLpDUtQBIwkutoBRO+sDk/XqzvFf2rBhusAD02l8Aw4mOtBdVhZDED97ovoJmoB9tcDBUaRE2PgNOjB1p6E+zGrjAwLcsiB5RyMA0ySZFwgujlBh8vVDEfQ4Hw 157d_bps_NATIVE_157d.pdb
LUN+vB1hWcD0istJwnv/tBFtIXDUPK8Lwv0dyBtcoxDk++pKwPffwBlsdyCkpbCIwVjnyB1hW0CkvfKEwR2OyBltzLCEtI7Aw03fvBlDtECULy2/vR2+yBNc9IBUktTEwdTy1BNIw6A0P1YEwvJBvB14luAkBBW/vOJmxBNIwCAkX6GBwzMTzBZktj/D8na5vR2eoBFCsC+rVOUFwPKcqBdoF59LoacBwMdzqBpbSEAMCsy8vRLCsB56Rh1D99TAwdolrBJv0N+jEDiDwUNupB5P1Y+TiBhHw2jCoB99TN2TMIQIwRLSmBZ5QLyDAAAKwCB2pBhrHdAUKc9IwnvvrBpw1DBkBBWHw673sBhrHVAUjXaDwZlayBdmbODUpuBCwv4V0B5iR1CU20BGwx5JzBxm/OCEfR+6vvDVyBdhHRBUpx9HwmihuBlh1fA0c493vA2LxBFB7h+jmRWDw96fyBlQpJ+D3v/xvcHdnBRt8s/bLRqFwg3KsBBdNEA8Z5U2vLUtpBpRa3AcKe99veBUsBNgj+BkS8DIw 157d_bps_NATIVE_157d.pdb
LkCH3BFsyZAEqG/IwEto1Bx0N5AkBBWLwrc45BRgV2AkEDiIwc9o2BpGvU9zhW0IwIwa3BZ6mE1ThrHFwb8C2B1hWk+7FZbFwx1TzB9owV+70NJEwuzH2BxeUAAcIwaJwwKn4B9mErAMrc4JwpbyxBpvfKAMtI7Gwmu5zBpw1DBMnEzIwmuJ1BVO0yBsQgVFwsHFwBxgAL/r/UjJwJb3tBhrHVAsTiRKwwfatBpvfaB8isNJwNzMsBlX6m/rU4KMwwfqsBJFue8bwKXNw789qBtHFu4rqxLPwqx7uBNepb4z3PlMwnEjwBVjX66rArsKwsz52B9ECF8Tq41BwNUX5BZxXI2bPgKFwpV42Bp0Dy/7eG2Cwfkz1BJxlt+rhi2KwHevwBtSxsAsKaZEwT/YzB1/qjBMfBaKwmT8zBJwKQCcTrJEwX3SrBRj8w8ze4BQw/uYpBx/zy8LQGqPw+DTvBh+ZD+ji4YNwwhHyBRetY4DjfIKw 157d_bps_NATIVE_157d.pdb
LW5w5Btd++AsVO0MwcSc5Bd++p/b0isOwGEo8Bpw1TBcdTSMwjXK4B557HCsQg1NwCB23B1istCsCXPMwoF51B9naIDMW5wNwnvPzBB/p+CMmuJNwWOE2B57nKD857XQwNeJ4Bx0NlDcHa5QwO0ixBJGEIDMVjXPwJGUzBFsydDsQgtQwlYgzBpa8EEcgVeQwbn/pB5QLCCc3kYSw8naqBZPKsCcIwCSwKxgoBNIwGDMqGfSw5lesBRLy6CMpwVRwU4KuBBqGbCsmZ+Qw5l+tBd9ogB8fqRRwe+urBRf/EBsoFBSw1NJrBRhr3/rYQYSwwfKwBZktzA8IbvQw6mkxBZmZuB8P1IQwFuewBtIbfC8d+OQwLVL3B54ilCciCeKwVkl5Bhss7CskdCMwaiL2BVplmDcf2TNwONV2Bd4vtCMLvuQwPAFwBdNUbDcjy3OwEAwyBN7OWDcYqnRw6EyxBROqLEMjarQwN7YoBhe42BMf+5Sw5RooBtLdlD8cvSSw6BAnBh5n7C8TNATwblPzB12ViBch0UPw 157d_bps_NATIVE_157d.pdb
LfwbNB9GUKAMZ8xWwjKCIBRyHrA8utbWw1ecOBJ8UQ/rvkEYwwfqRBpbSUB8OffWwdTiSBZktzBcHaJVwT3EWB9owhCsnvXVw67naBlX6SCc6mEWwueUYBltzzC8coFUwMIQVBltzTDMT3cTw8SXfBpGvgC8MzcVw4P1dBNzMDDsSMgUwyL9cBNdTqDs9oIVwCsShB1NJ+B8is1UwampjBlYQMCsmZOUwW5QkBFXPyC8bSMUwe+OlBFCsaB8FZrTwuznkBJwKHAsVOsTw2jSmB5Off+7P1ITw+TNiBlDtY/r78VUwhArgBdoFpAsZm5UwIjEPBJ6hAC8ATvUwfeTUBZgCHBM8rnUwgvEUBZxi2CciC6Vw2E0YBN6jcC8xScTwf7rgBhFOtCsHfMWwtLJgBBxIEDMCXvTw9lMgBFuB2DsLfbVwcM3lBJUeU6LTFJTwY68nBFX2H/bxXuSwK1shBlbP/8r6cYUwUACeB5jDYA8RZWVw 157d_bps_NATIVE_157d.pdb
LXPqSBd9oIDM7RBSw3kYSBR14ZC81jyRw99TNBViBdDstzHSwdTiWBR0igDcGEARw789XBZPKGE8P1YRwDCMdBFZ7KEsX6uQwGZrgBRhr/D8jCXRwQg1dBNepHE8hWkOw8SXbBpbSUE8FZrMwXktiBZ6m0DcMIYQwdo1hBpFZDEsDtIOwBWJjB5kYWEM+TdNwamZoBBAAoB8bS8NwDXvoBNIweC8z3fNwSh7qBNc9oC8hWEMwoFJnB9TN+C8hWUOwHaBlBJaRuCcNepPwGZbkB557DCc14FQwAAQmBxJxIBsa8SPwb8CmBZ6m0/73PlPwRLCiBJxgACczMzQw2jShBpGvoCs/U7QwR2+iB9owFD8NJWQwCOPYB9w8GEcmTXSwd7JVB5N9PEMscFRwkD6dBpdTaEcWozQwfDrcBpXTyD8BzGOwFgbkBBApAEMEmoQw9zHiBldFwDM7A0MwyLDlBtuXTEM+oLNwtLxpB5EBBBMxvPNwfPUrBlt/GDsuxpLwu/IsB5JdSCsdIcLwoNTfBViixCcnyYRw 157d_bps_NATIVE_157d.pdb
LLH6XBxeUKEs9oQKwtI7UBNy2tDcO0CLwamZUBxeUcEM7RhJwkCXcB9TNGEcMIAIwdo1gBV3kOEc0icIwsyhiBdTiJEs++JEwDC8kBlBBAEcMIwFwU4ahBV465DMAAA/vMIQgBdTiJE8z3P1vlDdlB14laDc0isCwoa8jBB/piDsSMI7vc9YlBpFZBE83P1yvnvfkB125zC81jiFwhA7lBFXPOCsEDiEwFDynBVO0OC83PVBw++JlBJv0VBcc9IHwtILjBpw1TBMVjXJwFueiBFDCMAs++pKwKcthB1MzQCsSM4JwZ7ciBVMI0Cs/UjIwGilhBBr/HEs30DKwBbugBxiFeE8rZtIw9H8iBZF4WEsBYRCwkaDgBxrAmD8qazAwKHXnBJ3cXDcK74BwOsfjBJS2IDMlVH2vrMDnBxZW2DMdMmqvLIBhBFYENAcIa9Lwy0bjB5N+s+7fySKwfROgBdjcRCMP6JLw+mehB9u0ODMkA4Iw 157d_bps_NATIVE_157d.pdb
Ly25bB57nAEMW5QjPpbSYBd++lDsEDCyve+eZBFsyTEcgVO0PDCMfBR14lD8eU45PueEgBpw1zDc46RCQ/UDiBpvfSDcktTEQgVujB989HDstz3/PlYwgBpFZnCMnEjFQsyBfB9RhnCstzXJQJGkkBR0icCssdeAQkCXjB13PNCsqxrFQhArkBNy2dCMVjHJQPfPlBJGEY7rQgVqvJbnmBhWkt9by25zPIFeoBxfqx3rR2O6PKcNmBlCXHAMVjX6PdTSkB125zAcMIwyPCsyiBhU4aAMYlDtvHaRjBJxgQ+b46R3vc9IiB14lO8LYlD/vPf/gBFtIbBcLy2zv+TdhBFDCMCM99TdPNzcjB57nCCsTiB4PO9ygB5ceIE8wvMCQWqvcBhkB0DMZfPEQu0GjBdoBfDMdEOHQnN2eBlB7gCs5zyCQNAhmBJB8ZC8IRpAQ/9/iBxr0cBcTTrFQIrYmB93DPCsJBWJQAntlBxQE17T3SEyvOffpBdRjR7LTQQAQdkzoB17rD9D2VN2PubegBVIKnC8Wj+dP 157d_bps_NATIVE_157d.pdb
LNeJaBZ78FCMoa8JQ/UjWB56RFCcIwKHQ3k4XB9TNWCsnvfMQwKHdBVjXyAsrHVKQtIrgB1hWsA8fqRMQc94hB9nas+r/UzLQLy2iB1hWk+LoaMJQ46xfBlX6m4rX62LQb8yeBR2Of5zGvkOQxgAjBVNep3DUNeIQktzhBd++p9zbSsKQ5QrjBJGEI+T6m0MQhALgBNzMLBUf/UvP6m0hBBBWZBUgVO8PXPaiB5QLiAkoF5BQ3kIhB9TNu+TdTCBQaR2eBNzMD+j8S35PktzdBluJBAEXPKoPiWkaBhWkt/Tepb0vFDCdBJv0N6rTiB7PepbfB5kYw8Lue0BQueUhBtd++5j++JEQ6p8hBdcFbB89p+LQ5s0fBtC6xA8ynEOQuLYjBx4Mc+7YZDNQORdcBFuwd7r+39KQZP1kBhXRc7zo/HIQYH1gBh4fb/DJ/HKQR+AlBtyld/DA+TMQvhriBhUwICkLw48PgW+ZBh1EmA0B2O7vp5wYBdoV/9Tdlq2vMu8eBBccL/bh6SDQ 157d_bps_NATIVE_157d.pdb
LSMIZBBrcI8ja8yPQ++pUB1MzM3bO0SOQJGkZBpw1jwbdTSRQkC3YBJGEIAUIwqPQZQgdBVjX6AkX6GPQv0NcBpvfGCEBW5NQBW5dBlDtICkuJRLQ67nWBhrHZCE+T9NQNzMVB557vCUktLQQ3kYaBdnvjCEtIrJQFDCXBxgA7C0MzsLQ++JaBVMIcDEoa8MQBW5RBV3kQC0IbnfPShLUBltzzC0KHazPlYQWBx1j2CUO0i/PVj3VB1MzQCEueUCQDCsTBlX6WBU2OfAQJGkRBhrHVB0eU40PVjXPBBBWRAka8SnPpw1TBBAAYA0KHaEQmuJWB1Mz8AkR2OIQTihXBZ6mICkYQgHQLz0fB9luaAEHC4NQ6rcfBJkxEBkE4YQQNvCeBpJKdCEWb5OQRFBUBBRACCEgrtNQwTdcBR/h4CEkgoIQaXfTBhoLDD0fCCLQJOqaBZXizDUikqLQgAVUBdLKODk0rqjPg69NBpRIVAkIBzyvGIJPBJke2+DFqszPCZ0WBx9hfAUAz7JQ 157d_bps_NATIVE_157d.pdb
LjX6OBhrH9CkYQYQQNzsLB1hWUCksdeQQJbHPB5kYUDU46pRQ2jiNB1jCXDUGEIOQjsdNBRgVCEUhrHOQLyWLBtyhKE0xLdLQZQANBZ5Q3D0kYgJQfUYFB9owLEUhrHLQ1NJCB5OfZEE7RxMQoFZJB1NJ6DU2OfGQXktEBxeUKEk8SHIQv0tEBVNefEUgVOGQSMIIB5luNDE7RBFQpwVGB57nGDErco/Ppw1FBBrckD0z3P5PgVOFBtcodCU0is8PRLyFB5573BU46xBQShrEBdR2uAUjX6/PiWkHBJbnDCET3EHQ9owIB5kYsCkR2OIQAyGRBZQpHE0EcaOQNOKLBt+WHEEN0kPQFR7MBljmYE05aGLQgy1DBR396D04hXLQgIGLBJt3DEkiBZDQJxhBBtIDCEU9cQHQScSEBJ1BfEUG8UCQ7t+DBxrZZC0bdryPbZ6HBNDrXBUCgzIQLQ/JB9XrxC0h8DKQ 157d_bps_NATIVE_157d.pdb
LWO04ABBWTEEBWJOQy255A1Mz8D0kYgPQRLy2AV3kkEkZmBQQhrHxAFsyTEkBBmLQ1NJxAJxgkEkArsJQMIwqA5lunEULyWGQGZ7wAhpbaEUPK8CQOJGgAtz3bEE8n6GQYlDPA56RpEk8SXIQjX6pAFueMEECsy/PZQgdApbSUEUIwKBQwKHYAhrHnEEW5Q8PTiBsANJGsD0yhWBQ5luoA1jCPDUIwK7P+TNkAFXPaDUf/UrPEYlqAd9okC0z3P9PsyhvAhU4WC0NJGDQktzwAhWkdBE/pmDQpw1yABBW1CEnEDHQdoFxAFCseDEBW5FQEoU4ARnwlEUHN7IQj1TvAdA9xEE4ImKQTl5qAlh72EUc/ZFQFI+gAZx9PEUaptIQa+OrAtWEOE0/cG4P7fHTAt1lIE0ud6AQv5LWAhiHjEU84exPLbGoAhvOQCEYyr3P2VM2AliorCUBGMJQ+qRzAtKG0DUXNRIQ 157d_bps_NATIVE_157d.pdb
LMdT+/MdTgEEBWpKQpbSKAtHFQEkSMYMQc9o0/UMI0EUNeJMQRLyO/IaRWEEaRGJQwfqx9cSMeEU14lFQ8S30+ud+MEkTiBCQBW5I/gVOEEULy29PRLyi/67nyDUf/UEQxgAFA7P14DEoa8GQCsyh+wKHeD0d++5PmuJl/GZ7YDEW5Q+PPKcBAPHatDU6mE3PR2ODAhArMAk8S36PFues/wLdzAknvfuPzhWc/sxLBCUgVOwPKxgs/QKcVCEpw18PUNeDA5luFC0yhWCQY6mKARgV2A03P1BQLHaXAlBBOAkR2OFQtIbHAd9okCEShLGQCBW5/sHFGDkEDiEQJbnj/gU4+CkWkt/Pj5CP/o14mE07xjDQhHMK/iDMnEklSqGQ1fli/iMFTEU79L/PO9w9+OH/kDkO05GQF7Oi+0SRZD0Bh7oPJGrr/eev6CE54o/P54dCAzSddDkra7cPLRIj/09eSAERNgqvKdhbAxk2k+jU7jEQ0excAxzxrAEQINIQSX24/8tVhDUJSeGQ 157d_bps_NATIVE_157d.pdb
L3kYQAXiBdDUIwqJQEtIBAbPKUDkU46LQc9ohArED2DEuekKQb8SXA33PxCkR2OIQ/pGhAX461CUKcdDQFuehA3jCLCUy25AQCBWPAblD9BU3kY9PNepkAvyhOBEW5wEQWO0vALv0NB0LdzFQPf/MAfTihA0gAr+PYlDhALxgAAUiBhBQ0isoAfoFp/j8S36PHaRG/MdTC+LaRWFQc9ow+S14F+7d+eBQ3kYA/qvfKAMXPK9P67nm/66Rh1bMIQAQhArg/OzMD+zjCXDQ9ow19KaRW+jBBWHQWO0S/ksd+2DZ7MIQCsy1/89TN2zgA7JQiBBW++S3cAUdTyIQwKHm/WMIAB0xL9GQNzM3/KEYNAE/pGDQxiZaAf7aKD0rnOBQj3UoAT27ADUjBIEQ/ttmA/XqLCU6+97Pu0ugA7zuVBUOCEIQliOKAj3jHAkyvV3PDb9fAL4rc+zFwzDQhNomArhzF+zYGF1P/Hnk/0lXp/7NR0FQx0xl/qJrNAMmm92Pzf6l9s+v7AMCUk+PXKLw/yih6B0KaoHQ 157d_bps_NATIVE_157d.pdb
L5lu0A/owdA0kYgJQf/UvAzKH6A0Of/LQEYFABbktzAEAAQJQktzxAX46x9T3k4IQmuJ5Ansd+2jsd+GQEYlzAHZ7c+7coFGQmuJpAHDCM+L/pGEQjX6yAHXPKAMtIbJQlDt8AzJx4Ac6m0JQkCXiAnDtIA8gALGQ357pALwKHBcHahIQDCsuAbQg9BsvfKFQQgVWAvxLN/rvfKJQ03PFAfTiZA8gA7JQlYQCADqGfBsX62IQpw1v/i/Uz/7hW0LQCsy1/qa8y8LAAANQY6mU/iqxL6bf/0OQjsdMAHtIb3TKcNMQShrZA/mED7rrHVKQl9F7AnhqD8znpkDQtSn/A/VJcyLTykIQiHp3AnIGf/rF0cDQiFPxA3FDS/7rFCLQn2AdAfLYnAMEYWDQCgsmA/cxkBcxBDKQPmTpAndATCcOD3DQnNKd/ys+Y8zv4rPQNXvW9m3MU9bNnUPQ5c3OAX8h99jfTANQo08iAXBQl4THkwJQ 157d_bps_NATIVE_157d.pdb
LJGkABrw1LBs9owMQHv0/ArFZDAc5QrOQ99TGBDrcgBssdOMQ/Uj6AXjXOCcxgwNQ0is4AzLdzCs8SHMQRLyvAbmZKDczMjNQSMImAnYQ0CsqxLNQmZmwALbnPDM7RRQQgqx3A/mEvDcGEwQQ0isdAPJGAD8kYQPQAAAlAzLdbD8NJmQQsyhjALbnDEspbSQQ5QLS9qa8CCsArcSQShrn+657rCspbCSQaR2G/c9oIDsEDaSQW5Qr/W3k4C8bSURQepbCAT2OXC8kYARQ+TNAAHXPaBchrXRQT3kY/OIwCBMW5ISQy25D/SLy2/b6mkSQ03PRA7lupA8573QQ99TdAf9ogBMAAQQQEtIVA/9TZCMsyRQQjFt2A3GIqCc84TKQBST/ATsSEDcfwAMQvkDvAnJPnDMYJzMQv/wyATjV0CcNyqQQW66RAzvyQDcKWfOQNfKjAjjLUDccYhRQ9RQYAr1oHEc+efQQUewQ/4gM8B8Ci+SQlUZA/gMtmDcfTJSQU4Ms/gxw/CMwG8SQR5TlAne7QBcrqlPQ 157d_bps_NATIVE_157d.pdb
