SEQUENCE: aacgggcgcagaaucugacgguacguuu
SCORE:     score     fa_atr     fa_rep    fa_intra_rep    lk_nonpolar    fa_elec_rna_phos_phos    rna_torsion    suiteness_bonus    rna_sugar_close    fa_stack    stack_elec    geom_sol_fast    hbond_sr_bb_sc    hbond_lr_bb_sc    hbond_sc        ref    free_suite    free_2HOprime    intermol    other_pose    loop_close    linear_chainbreak                                                                                  description
REMARK BINARY SILENTFILE    FULL_MODEL_PARAMETERS  FULL_SEQUENCE aacgggcgcagaaucugacgguacguuu  CONVENTIONAL_RES_CHAIN A:43-55,B:64-78  CUTPOINT_OPEN 13  DOCK_DOMAIN 1-28  FIXED_DOMAIN 1-28  INPUT_DOMAIN 1-28  WORKING 1-28
SCORE:   -10.654    -65.820      9.028           0.761          1.813                    0.431         13.264              0.000              0.848     -60.664        -1.953           23.319             0.000             0.000     -35.780    101.800         0.000            0.000       2.300         0.000         0.000                0.000 1csl_bps_NATIVE_1csl.pdb
RES_NUM A:43-55 B:64-78 1csl_bps_NATIVE_1csl.pdb
FOLD_TREE  EDGE 1 4 -1  EDGE 4 13 -1  JEDGE 4 25 1 C4 C4  INTRA_RES_STUB  EDGE 25 14 -1  EDGE 25 28 -1  1csl_bps_NATIVE_1csl.pdb
RT -0.796282 -0.602507 0.0540386 -0.597805 0.770096 -0.222669 0.092545 -0.209612 -0.973395 2.99734 1.71118 3.15968   1csl_bps_NATIVE_1csl.pdb
ANNOTATED_SEQUENCE: a[RAD:LowerRNA:Virtual_Phosphate]acgggcgcagaa[RAD:UpperRNA]u[URA:LowerRNA:Virtual_Phosphate]cugacgguacguuu[URA:UpperRNA] 1csl_bps_NATIVE_1csl.pdb
CHAIN_ENDINGS  13 1csl_bps_NATIVE_1csl.pdb
L2T+CCR3gn8zir2MQ5AaECh5718ThLoNQBIUCCdjCq8rUufMQ2jyCCtd+++TIwKKQdTCDCxKH6A0IbHKQpbCDCBqGfB00NpGQDXHECx0N5AEnEjDQjXyBC1NJOBEaRWDQ03vACdoFFCkZmZEQlDtDClX6uA0LdT8PzMTCChrHVBEW5Q7PSMYCCZQgVCUGEY3PVjXDCpFZb9rX6mAw2OXDCd8S37DCsyAwpwdDCRgVu+zIbn5vXklDCFtI78DW5QLvwKnDCFYlj8by25jPbnfDChU46+7MzM3v67fDCpa8yAM8na2vlYwDChWkt9b46R8PqxzDCJxgA6zFZbAQ4PtDCtyhm+TzMz5PHM6DCZWrFBU1h7KQA3VCC9hRXB0B4JLQ2nLDCFohOCkP53GQKmdBCFPMUA0xAHEQgQUEC10ONBk8s+2P5FxBCFOMyAU2Wr0P6ltCC9d0VCEWDSSPaVRDC9x9e9Dv9XEwGeaDCt0RUB8nU09vfulDC5UUQBcRcQSvrO6DCxOq+6DaITEQ 1csl_bps_NATIVE_1csl.pdb
L8na+B9nasB0JxAEQ1N59BR14tAEShLIQ03v8Bd++dCkvfqDQ0iM+Bpa86AUy258PqxL+BBrcoBEtIbrPXk99BxKHqA0HFu0vnvHACBW5g/zyhW0vsyh7BR2Of/T5QL0v03P5BlDtYAk++p6vtIb/BZmZm7D+TN5v5le8BBrcI8DFue8v14V8BlYQA9jQg1DwNzcACViBNCcIwKvP46JACxKH6Bc0iszvjX6/BNc9oAsuJx4vKcFAC5P1o/7d++RvSMYACNJGMA8NJG6PHvkACxLdjBM/pG8PfU4ACRKcBC8jC3CQhAbACxKHK+LVjXAQCsKAC1isd2LueU6PDC8/B1hWk774luJvWI2/B5bqEC0lS1oP5gq8BBx/HCkBX8qPa999Bp/QKBUg9F9vzDK7BRUt++j/JviPWuPACNUpU4jNlU/vmZg7B595O67m3b6v/J+8BtvEZ17wDsFwzrEACd3PSCMfAm7vNwABCJhTgCMixUDQHY+AC1/ScB8KS7FQGPIACNK0a9DPmv8P 1csl_bps_NATIVE_1csl.pdb
L8SX2B1jCPAUiBByvXPq2BFDCUA0hWk1PR2e0BFXPKB0hWk6vgVe1BJxgA9j7893vUN+0B5luJ7zisdBw9oA1BRKcN+bhrHCwLHq3BR2OP/LtI7AwepLzBVO0y/rtz38v2OfwBB/p2/LShLAwepb3BVjX6AcgVO9vjsd0BpZmRBcIwK9v2jyzBtxL9BMVjXDwAAg4B5573AsuJxovwKX5BJaRCCsU46pPyLN5BZktjCc6mErvf/U6B9owBCMEYl8Pepb6BFXP6AciBBBQBWZ7B1hW8AsYQAGQYlj5BB/pW/L7Rh9P67n4BNy2Z/7P14tP5kW2Bhy6L9jR4uDw1DOzBB0R+8T7uhCwmSk0BBzXp+79d1Fwq+PzBdnVB/7lOWzvoUa4B1UckBMqdwAwEVA0B9pEzBsLdm1vnBp0BZx0aCMmpWDwY6f7BdplHA8fiDIQy6/7BVLryBsVOjHQDwo5BdDjX9bcpzAQHvA4BRyld9rmAxNP 1csl_bps_NATIVE_1csl.pdb
LQ1IuBx1jCAsa8S3v8nquB1isN+LW5QjPiWkrBx0N5/Lsyh9vU4auBVNehBcgVOsvBW5tBFZ7UCczMz5v14luB1NJ+C8LdTwvqxbxBxLd/C8hWklvxgQtBZ5QHD8coF1PCBmqBZmZWD8Of/yPOJ2xBhqxXDM7Rh3PVjHvBdoFpDMXPK7PjstuBlDtIEMVjX0P78N2BtHFSD8yhGLQ1NZ1BFZ70DsoFpJQlYw1B1isNEcO0yKQCsS0BJaRyDssdeGQb8C0B13PJDsVO0EQdTy0BhVOkCMoacHQZQA2BNepnCsa8SKQaR22BJFuKC8fqxLQjXK0B5kYACMBWZEQpwFzBBAAQCcdTCAQZ78yB9897CsEDCAQe19uBtFaSC8suKAwvr/rBJSIVC8RLu7vUcKuB1jPWD8V134vCIQtBB+FtCcag26Ps7DzBNzuvDs6Jt0PEx8uBRB/qDs1seBQwS8vBNGKTE8xbW5PWbB3BZjbXDcG52MQkAN1BBEvaEMXq2JQXhk2BVLuOEc2jkMQqScyBtZS8BMQHL6P 1csl_bps_NATIVE_1csl.pdb
LbnfoBBqGPDM/pG/P789oBFZ7kCMShLCQktzlBNc9YDsvfq6P9oQpBpa8yDcktzDQ2jyoB9RhPE8MzsCQ78tpBluJdEcktTHQEYlsBFCsaE8kYAIQLymoBFsyXEMmuZKQxgAmBJv0fEMaR2KQ03PtBtxLdEsYQwKQy2pqB5QLiEMqGPMQYlTqBB/p4EsBBWMQYlTyBhVO0DcktLRQbnfxBNc9OEM8nCRQsHFyBNdTcE8LdDSQ0iMwBJaRWEMv09PQnvvvBxJxGEsoFJOQyLdwBlX6iD8OfPOQuz3xBdnvTDcGEQQQZ7syB9mEvCMUNeQQQglvBVNeNDMUN+LQ1NZuBlX6qDczMjKQ8nauBZ5QJEcMIwLQ0zwpBd/hTEMPf5+Pav3mBpAuREs2NHCQLwUpBljLsEcbVgGQY4koBFvOIE8eGoKQkYguBVSEpEsiG/KQ/MoqBNLwbEsskBOQMCqrB1kx+EM7niNQo/QzBBmjsDcCNASQ+1ixBtEYrEcjYASQYoCzBR3AXE8101SQSKktBdsRlDsw0zIQ 1csl_bps_NATIVE_1csl.pdb
LzMDkBJEYTEMVj3MQzMDkBZPK4D8z3PMQPffhBpFZfEcNe5MQDCclBpEDWE8istPQW5wlBpGvqEMT3cQQIwKnBpGvoEc46xRQY62pBhArgEcKclRQqx7lB13PZEsZmxSQAAwjBJFuiEsWkdTQ8SnqBBAAUE8GvsSQCsSoBZmZUEsVOsTQbnvoBtxLlEcwKnUQLyWvBZPKcCMAAwTQbnPvB99TBDcLyeUQnEjwBtxLBDMsypVQcS8tBVMIkDsBBGUQtdusB14leDMmu5SQ+TtsBRLy6CsBBGSQ3kIuBFsyVCcc9gSQc9YuBtHFmBMSh7RQyLNrBpEDCDsAr8QQkCXqBNHapD8MzERQyLNrBZ6m8DcwKPSQaa0mBNexzEMepsPQF5/jBNkPxEMZClQQHcRnBVy62EswhMSQffVlBVbaMEM6LTSQJXNsBBeJaEcVrHTQciEoB5rnGEseWJUQMXRqB11chEcoiLVQE4XwB9QMEC8QAIUQsOiwBlIyaD8vEOWQf7gxBFXknCMQf8VQY/OpB9Uu3DcINaQQ 1csl_bps_NATIVE_1csl.pdb
LUNOhBxeUUEs9o4TQNzsgBxgADEsoF5SQhrHeBhqxjEs78NUQNeJiBRf/IEsR2OVQ7RhiBx0NVE8FZbWQYlzjBFYlHE8IbfXQ03fmBR14BEc0iEXQR2eiBdSMkDcHaxXQlDNgB14lmDcGEUYQamJnBx1jaD8GvkXQiBxkBhU4KDc6mMYQ8nKlBNHaVDcJG4YQU4qnBx0N9C8MzcWQcScpBJwKbCcy2pWQsHlqBpw1XCcxgwXQJb3pB1is9Bc46pVQLymoBxLdDCcwKfUQ99DpB1hWMBMRLiTQWO0mB1NJmC8OfPUQIwamB1NJCDs8SPVQQaqjBBKjhE88oOWQctxgBBtVaEcUbvWQay5jB5/1PEMhTKYQkm7hB57HXDsVM7WQZRuoBhgicDMw8EYQrlgkB9OBsCM/7IYQgnpmB1pVED8xXDZQ7zKoB9EQRBcklqSQ+aSqBBbqcAshOtTQro6lBBjYpCMfIYTQ6oMlBJKNaDM/8FVQ 1csl_bps_NATIVE_1csl.pdb
LGZ7bBpZmBDMsyRYQ789aB13P1CsoFJXQCBWXBtIbPD8MzsYQ5QreBtcoZC8kYoYQBWJgBFDCcCsYQUZQZQwhBNdTqBMoagZQPKMkBd8SnBcwKHZQR2egBZ5QTA8GvYZQqGPdBR141/LZ74ZQKc9kBxJxQAMW5AZQ8n6iBV46x+bMIYZQmZ2jB5OfP+rBBCaQdTSoBtcol9TzMbWQNepoBhpby9TdTyXQueEqBZ789/TGEIYQShrnBBW5Q1TJGUYQHaRmBVNep9bbn/XQHaxlB1NJG+LBWpWQOJ2mBFDCs2757vVQc9omBZ5QL0roFhUQyLNkBpa8KAsZmZWQktzjBNJGsA83PlXQZQAlB1Mz8/7gATYQhmOhBZO11CsFcYZQkQGdBB80dC8cXmZQYtOiBxMOuB8iy+ZQOuIfBFcuTAshB9YQsQvmBR1FHAczKNZQH7jiBpbTQ8rrOIZQ5galB9ObI87yQAaQogGpBltoN/TGt4VQi0YqBhk1EA0u4mYQVwyqB5JspA0ffoXQbdwiB5IJgBMv2uXQ 1csl_bps_NATIVE_1csl.pdb
LLyWYBBW5w9rArsZQSMIWBd9ow+LFuCZQ9owUB1jCX9rsdSaQJbHbBpGv07juJlZQsHldBdoFZ+jqxHaQiBRgBFsyZAkU42ZQb8SiB1257/j9oYZQNzMdBd++ZBEmudZQoacaBtyhKC0hW4ZQuekiBFYl7AUbn3YQDCsgBlX6CCU46BZQaRGiBNzMjCUJGYZQ3k4hBpFZTAEaROYQhr3iBBrc4A00NRXQx1TkBx0N5BksdWXQ5lOiBhrHVA0GvEWQ8nqgBBAAg+TNeBWQT3EgBR2O/8zhW0UQvJRfBx1ji8zxLNXQCsSgBJGEY+zbSMYQzsCgB9ayZ8DAlWaQqXzaBVoq9+jR7baQThIhBldD3AEO4OaQ3ImaBZ9I7AEOFMZQ8eakBReuQBUr32YQ2zyfBBBMOCkKjnYQKMajB1OKwCkyvEZQvh3dBZkz60bMsvUQYUygBxhAW+T+lAUQfM/cBtoqk4LTDKXQy0NfBljmI9jipmYQ 1csl_bps_NATIVE_1csl.pdb
LDCMVBRgViCUjXmZQQg1RB14lCCUzMPZQVj3SBJFu6CkX6KaQU4aXBd8SDDkqxDZQWOUaBFZ7oDU6mQZQ/UDcBJwKBEU46pYQIwqfBlDtoDE99PYQ5QrXBd++HEkX6KYQyL9UBdR2aEEueYYQLH6eBhpbyDEAAIXQue0aBNHaLE0FZDXQJGkdBx0NfEEShDXQVjXcBhVOkCUGEoSQUNeeBRgVKDUkt7SQ/UDfB1MzcDUMIIUQJbHdBxLdDDEUNGVQWO0aB9RhbCE997UQ78daB5OfLC0z3nTQ8SXYBNIwKB0bSUTQgqRZBNIwKCUdTKWQmupaB1hWoCUNeBXQe++cBRhrLD0MzcWQDRedBJYSgD0SFhZQNtAYBZYp6DEzuiZQLo7dBFuDOEkXkzYQhtFVBlRl4D0P1HYQB1IhBZPy7DkH0tWQXvhYBFE9JEUQ1QWQPWhfBdQugEEDiNWQpexfBBlFbD0q6KSQ8zOYB9213AU3fYSQEe9WBpVwlAksqBUQ+rDaBxMmlCkTQ/XQ 1csl_bps_NATIVE_1csl.pdb
LjX6OB9mEfE0MzIYQbnvLB13PLEkpbOYQY6GNBNzMzE0isdYQxggPBtcojE0istWQdTiSBdnv1EUbnPWQiWETBZlD1Ek8SvUQKc9VBV46hEEUNWUQGE4NBd++zEklD9TQ/UjLBx1jIF0KHyTQBr8TBlYQaEEqGHTQNepPB125pE0JxoSQiBBSBpGv4EUhrvRQLH6OB557nCkED6QQMdzQB5P1MDkWkVQQKcdRBtz3LD0kYAOQjs9RB557vDE7RBRQiBBRB1jCrDk78VSQdoFPB9RhHDUxgATQ8n6NBtHFiC0P1QSQDXPMBZmZ+BUIwqSQ++pOB9RhPDUbnXUQHvUQBdR22D0eUgUQzh2RBFCsEEUPKUTQ6DGWB57d1E0h2pWQ44sQBJv7CFkqsgWQ2DFVBROqBF06TcUQyHXLBB6lqE0dAbUQJk2WBZ2wZEUHBdSQLqsMB1ySiEErzMSQFiDTBlkPxEkTJ7QQz0LOB5gpPCkeGUQQ/NzSB5vOlDEOMENQwgmQBlM5xCkNz/MQdAfQBNA1CEE7hXVQ 1csl_bps_NATIVE_1csl.pdb
L0iMFBB/pKFE+TlTQoFZCBZ5Q9EkQglUQGZ7DBV46hFEqGfTQIwKEB1hWAFEmuJSQsyhGBFYlJF0yh+QQ03PFBZPK8EUdTiPQ46xHBJEYnEEnEzPQIFu+AJwK3Ek8SHPQoFZ5AlsdIFET30NQe+eEB9RhXE057nOQmuJ/AxJxiEEoacNQmZmABViBnE0istKQ5QrBB5OfPCk8SPQQRLyCB56RlCknvPOQU4aDBFtIPD0KH6NQRLyCB557jDEVjHQQJbnBBlBBSDUgVWRQJGEBB99TlC00NZRQe++/Ah/UPCUxggSQbnPBBVNexDEZ7USQcSMCBR0iKEU5QrRQcSMDBFYlHEUKcVQQQhaKBh7WKFESPGRQHxHFBF6EYFkon2QQCbpGBB6UDF0NF8NQ3cY7AtEO0EU+MbQQc1eGB5ucQEEt5LNQ/jp4ARoLaEERlqNQUtsABtXdZE0m7uJQHwLDBZ83TCEQIoMQMGW/AxCKgBUxVeSQc7D/ABUaeCkW/WTQjGNCBxNpYEkrxGSQ 1csl_bps_NATIVE_1csl.pdb
LrcotARKcPF0LdzOQfU4sAtyhMF0573QQNzMrAJFukF0jCnNQJGEmARgV+EUc9YNQT3klAtxL9EEW5gKQQ14hA99TnEUGEoJQ6mEpAdoFXEkvfqKQLy2NApbSgE0NJmKQoFZ3/03PrEUMIgJQpbSjABAAEE0gALLQIwKPAlBBIEEBWZKQZ78LA1MzAEEAAgHQyLdnARgVOCkuJBRQIwKnAhpbOCk8SXPQ99TmAh/UvCEDCsNQShrlA9naUDUO0CPQoa8lAVNeZDE7R5QQ8S3mAVMI0CUIwqRQXPKnANJG0CUGEATQ+TNlAdSMCEkCXPRQLHakApEDMEkQgFQQ2OfkAFZ78DkYQAOQU3ssAZbEAFkF2xJQoLlgAhWDIFkhz2JQSy+hA5/umEUwYVHQ5DJNA1h8hEEz0iMQVpMmAV5zwD0OZEKQ/KSFAZcDBEEnRpLQWu7MAtIUiD0G9bHQwCqnAReYkBUhNhOQGmznAhp/YCEtPfTQZovmAJQJPDUpmfTQPNwjAFHobEkrRAQQ 1csl_bps_NATIVE_1csl.pdb
LFMhHB9S5gCsXPbQQEkUCBx+csCsAEDRQIF1LB5EROCMY+QRQkCXGBBW5ACcPKcOQLyWDBZmZOCMXPKMQKc9BBNdTSB8IbXKQFDC8AhArcA825rLQmZmGBRLyWAs78tJQrcoJB9S30AcKc9GQgVO+ANIwK+7P1ILQvJxDBpGvE+bNeJJQwfqBBtxL9971jCFQDCMABNIwK7LoasNQc9o/A9TN+9TxgwNQc9o9A13PV/jpbyLQ0isABdSMI/DqGHQQU46BBNc9o9jvfSRQ4PVCBJwKH/TKcVSQCBWCBh/UD8rU4KRQ2OfBBZlDN+rsd+PQ1ADABRVIcCcDGxMQmJeFBZGKjCMkCJLQlDcAB97eoB8WvsIQt86IBdd0RAMVfSLQdD53AlZ7s8bnXUKQfqGGBRXaK6LlBgJQSxx/AxPNA47LCgEQEWbAB1BliA0DEKQQJaQDBxaaH+rI88RQtF0BBFc5EAsDa4PQ 1csl_bps_NATIVE_1csl.pdb
LnEDQBRLy+AsU4aHQdolRBNzMLB8w1jKQmupRB5Of/B8jCXDQ8SXSB5P1I/b14lFQ78dRBNIwK+LW5QAQ0iMRBV3kY7DqGPAQoF5MBhArc9z4luDQEYFWB9S3U+jVOUCQmuJaBh/Uj+Tbnv8PWOUOBZ78FA0bSMGQXktTBlDtgAEVj3DQ+TtSB13PVBEShr+PsyhOBxLdz/DRLCKQ99TOBd++BBklDtLQ5QLOBdoFFCUeprKQzMTOBBqG3AkoFZOQ6mkOB56RR/DShbPQepbOBpEDC/DtIDRQyL9OBxfqx7jpbyNQy25OBR14l8zeUILQxOGOBZiF6+7oU19PP0ZUBhLEx+rft67POTdQB13058DiuK5Pl8fXBJhUx8jeycFQmBpLBdhoxAkoEVFQMd9VBBzV+AEBTfGQHQMRBJV4FCkHqiAQ76nOBN3Eh8jXmdRQ+5IOBlPOUA0BFnRQ5TPPB9xfY7760kOQrcKPBFkxM4bO69JQ 1csl_bps_NATIVE_1csl.pdb
L3kIgBBqGv9DCsy/PKcNgBNepby7isdEQUNehBxfqR8DmuJzPf/UhB1MzUA0KH6BQoachBJEYdBUbnv8P9oghBBAAYCUiBhBQNzMeB557bCEv0tEQRLyjBhWkdCknvfFQmuJmBR0isCk789CQoFZfBJEYxCUdTyIQEtoiB14l+CEtIrIQCsyiBFueoD04lOHQlYQeBpbSUCUdTCLQPK8dB1islC0yhmNQc9oeBJbnLD0GvEOQktzcBxJxICEpwlPQAAAcBpvf6Ak/UTPQGE4aBJwKPAEW5oQQoaccBFYlbAUhrnMQ7RhdB5QLSBU3koKQu6ufB1m3cBUoxF4PjmDjBZjJZBUMkU4PE2lhBV4BwCUJsA+PLpIkB9hKCCk17QHQ4UKdBBIDLD0T38IQvFfjBdh08CEl6bKQrPCiBtVp8D0yV6IQhPjcBFfOUCUMGtQQBW9bBtyI9+TABPMQFbzdBpvD7A0yc0IQ 1csl_bps_NATIVE_1csl.pdb
LFDCpBBBWhCUiBhFQBWJpB14lmBUjX6GQueErBBAA0CkZm5BQT3EpBJFu6Ck9ogJQFuOpB1hWoDE99jJQcSMpB9893D0KHaMQfUomBlsduDEVjnNQcSMrBxgAjDERLSOQZQwtBZlD1Dk/UDOQe++mBx0NlDEDCMQQBr8pBpFZrDUGEgQQQ1YqBZlDLEE8n6QQc9IkBxgAzBU14tTQMIAlB1jCjC0Ib3TQGEIlB5QLyCktzHVQyLtlBJGE8CkX62SQvJhlBltznCUO0qRQ78tkBpGv8BUjXaRQhA7jB557HBkSMgSQzhGjBVjX6/D/peSQpw1kBZ5QrBk/UDQQIwqlBNHaZCEsyBPQmZGmB99T5CUJGcQQGDtnBRBO0DUAQlIQ+54qBd5axDEhyrIQnhdpB9bhLEk1oaMQE/RrB12VEDEZF5NQK76lBdPB5DU4yuQQ1ukqBhdwWDkm3KRQn3jpBJMMNEU31yRQ5ApjB1aiTBk4uhUQxCvlBNfiPDU4QSVQiBnkB598fCksE4VQaw8lBx8EdCUXjGNQ 1csl_bps_NATIVE_1csl.pdb
LEYVwB1jCXD0jCXOQJbnwBlsdKDkX6mQQ1NJwBx0N1CERLSMQGZryBx1j2Dk78dNQKc90BxLd/DU3kIPQ6mk1BRKcXEU6mEPQ8Sn1BRLyeEEYlTMQ9ogzBpZmlE0HFOQQ3kI0B5lunE0jCnRQT3k0BNy2zEUy2JMQT30zBpa86EUbn/OQ5Q71BFtIHFUktDQQiWkwBVO0WFkuJx+PEY1yBpvfaFkX6GCQKxwzBdR2QF0OffGQueEyBpFZBFE99DIQGZrvBNep7EUgVuFQLH6uBx0NHFErcIBQrcosBNepDFkU468PUNeuBlX6qEkCXPIQfUIwB1jCnEEUNOKQmZWyBlBB0EkCXPKQ5Ag2BhNOvDEwCeOQfUk0BJLb2DEO/eQQ2XV3BpT2ZEkKI4PQIquxBR4TfEEWfGQQIY/1BlvM9E0eYdLQ/8IyBRL8CFE8B9OQNrE2BtSsUFkaKJPQMD+zBJj6lF06zqAQJmMsBtLQMFkweM1PTtZrBtNb4EkLKU/PFP0vBdL4bE0MFkLQ 1csl_bps_NATIVE_1csl.pdb
LktzxBZ6msE0gArSQrcIzBZ78vEUbn/TQAAAwBxLd9EU3kISQ++JwBdR2WEEVjvSQBrcxBR2ODE0d+GTQBWpwB1NJ6D0eUgUQpw1tBxKHuDkuJhUQ6mEyB9RhTDkQgFVQmZm0BVO0eD0OfnVQqxbtBlYQMD0hWcVQzhGwBlDtED0fqJWQBrMwBhU4eD0LdTXQYljsB1islCEZ7sUQHvUrBlYQECkpbaVQKxArB557HCUc9oWQHahqBpZmBBUhrvUQhA7qBxLd7A0FZbTQzhGqBltzn/jqxzSQ5QLsBtHF+BUktrSQ0i8sB1NJiC0yhWTQX8YzBZpNFE0i2DTQNu6wB5aBwDEGmeSQWB6wB9jaJEUjCGVQDjSyBVrz9CkEzYUQiKFsBhlOUD0byGWQ9xXwBBngmCkVJYWQu25uBVHOUDUwa9XQ8bXqBxe2a/Da/1RQ3WPpBZnUM+jnqUTQEhdsB52z4B0x3tRQX7ztBx3Z5CUa82SQ 1csl_bps_NATIVE_1csl.pdb
L03/2BlDt8CEZ7kVQT3E3Bpa8mCU3kQUQ5Qb5BZ5QTDkArEWQoFJ2BxKHaCECsqWQtI71BV46lCkZmBYQwK30BdoFBCEYlbYQlDNyBpw1rB0GvMYQtIb2BJFuuAEpwZYQ8Sn4BdSMwA0d+2YQRLyxBxgATA0yhSYQx1T0BVjXa/DCsmYQhA7zBdSMY/DYlTZQx1DtBtxLN/7JxYWQ1NptB5kYw+rQgtXQaR2sB1hWUA81jSYQGZ7uB56Rh6LT3EYQLHqvB9mED8T46JXQIFOvBpEDC7TzMzVQHaxtBx1jC9bKcVVQwKHtBZmZG+LtILUQ4PVwBdoF5+DFuGVQGEYxB9S3MAEXPCWQMIAxBVNeZ/zLdTXQSot0BVrb+CkvKEYQffs3BtnIuCEmQMYQHlw0BdbzJC0br5YQenE3BNFtlA0zE5XQuBSwBFizMAU5bmYQrFv0BV6XQ9zembYQbijyBtHxC+TFnaZQ/ZEsBVExaA8XcKWQKSOtB9NjNAcxKxYQMF5rB9HKHBsJZIYQWIUyBB7kCBELN2VQ 1csl_bps_NATIVE_1csl.pdb
LFuO7BlCXv/DBWtYQe+u7BtIbn/jrH9XQ3kY9BtIbXAkmZKZQU4a6BJv0N7Drc8YQIFe5Bdnvf4TwKnZQCBm4BFuek+7w1rZQY6W2BR14F/rX6OZQtdu6BtHFWA8ishZQJbX6BhrHdBc149ZQ6732BltzvAcf/4YQLH65BZPK0AslD1YQyLt6BdSMECsBBqYQaRm1B5Off97MzEVQcSM3BFXPK77isFWQBrs4BBqGv8DtIzVQktT3BBqGv9ra8SXQU4q1BBAAAAsvfaXQDX/zBxgAjAc14dWQLH6zB1Mz8/LtILVQdolyBlBBWA8bSMUQLymyB5kYoBcwK/WQe+ezBd8SvBMFuGYQQ1Y1BxLdzAMT3QYQpT93BZ8NA9DwGtZQVW66Bh3Dy6Dqh7ZQ3jA4BtGw3+7PZJaQYQg8BZwX5/7wDlZQ9kP2BhnCfBc1/KZQvah6BF/XMA8K4eYQFdF6B5nlKC8n9MYQFtp1BRGGO7r5zNUQ0E45BRYuI+jL3eWQ1pn4BVMGL+zWC6UQuO3yBB/pNCc5taYQ 1csl_bps_NATIVE_1csl.pdb
LAAg8BJxgwBczMjaQxgQ9BRLyeAcJG4aQRLS7BNzMbC80N9aQO0C/BpFZLC8jCLaQ99zACJaRuBMmuNaQc94BChArUCMT38ZQWOMCCpZm1CsSMcaQf/kBCZktrCsR2SZQW5wCCJaRuCcKc5YQLyGCCFXPeDc0iIaQJGMBCV3kYDMsyhZQjXaBC5P14DcIwCZQzMrBCxfq9D8JxoaQXklCCB/pOE8bS0aQKctDC989PEciBlaQW5ICCxJxcEM/pSbQdT6AC1MzcE8yhmbQdTqACxJxqEcHaBcQgqBACJGEME8xLZbQ5QbACFDC8D8Ib7aQ/4/AC1HDgB86rraQgHzAChSe5AMr08ZQd4sCCNq6DC86l3ZQdw3ACRqLcCMvrDZQYz/CCR86mDciu+ZQirQACluiZDs7wrZQW9IBC9ORKEM6nOZQquwCChzGoEcyIbbQBzQ+BtD3KEsvwlbQQPm/BhthlD8X7yaQ 1csl_bps_NATIVE_1csl.pdb
Lv0FDCJEYJCcwKXYQbnHDCRgV+AcHatYQgqRECZ5QXCckt7XQoa0BCZlDJCsuJxXQBrsBCdR2mCsVOsWQ7RxAC57nKD8xLFXQ2O/+BNc94CsYQgXQ/UbACBW5oDc6m8VQCsaBCFueEEsTixVQ6738BJwKTDcy2BXQXPK+B57n6Ds9oYWQXPa+BV46NEsQgVXQpbi1Bx1jWDcjXaTQLHa2BdSM0DsZmRUQpbS4BRf/wDMv0NVQdoV5BNHaJDsR2OVQQ1o4BFYlnCsvfaUQoFp2BNzMvCcf/cTQJG01B9owRCM+TlSQrcI6B5OfDC8HFuUQBrs7BZPKQCMoasVQY6W7BRgV6CM8nCWQjYlCCdebyCsuseWQeNWBChn+XCsX05VQZsKBCxHgaD8c80XQ4DVAC5PcYDsliHVQRRs7BRlQcD8LhwXQckF9Bp47BEc3fnVQYyn8Blg/SEcBKlXQXki1BNhHIEMPJNUQ2Eb0BF63YC8Dc7RQM5l2B9W+pBslPmSQacA9BRTt6B8LJIWQ 1csl_bps_NATIVE_1csl.pdb
Ldo1BCtcoLEcjXSUQFuGCC5P1wD8HFeTQbn3CCZ6mcEcNeZUQW5gACxeUWEsWktTQKxAAClBBqEcGEQUQpby9B1hWyEsDtYTQJGk7BtIbjE8gAbTQ35b+BFCs0Es++5RQ9ow/BxeUIFsnvnRQnET6BRLyiEsZmJSQ5Qr7BxLdzEcc9QRQ/UT6BR2OHFcGEYRQ2Of6BJFuMEc2OnRQJb34BBW5GEcHahQQwKX3BBrcUEsoFBQQPf/4BBBWlDcO0CQQLHq6BViBJD8HFmQQ35r6B56RhCMv0FQQY6W8BNJGUDM99rRQyLN8BZPK8DcjXKSQmhX/B1IdnE85QKVQUZvACBPf0E8pMSUQQoM9BJtLAFsJVvTQEBk/Bd/roEMw2nRQ/Ha4BFolmEcZEQSQFJy7BNKnuE8lbVQQdoi4BJU4FFcGI9QQEm47B5iqLCMbJeQQhig5BVR3ZC8S1rOQ8yl9BB1J/CsV+ESQG3W9BtCMCEM2V6SQ 1csl_bps_NATIVE_1csl.pdb
LiB5ACFsyJFstzXQQnvvBCFue2E83PVQQ1NhBClCXfF8hWcQQuz3/BFZ7IFsArMOQY6G+B5kYaFsX6mNQO0i8B5luVF8yhGLQQ146BxgADFMnEjLQ35L+BtHFQFsoFpIQamJ/BtyhiFsrHlGQjst6Bpa82EsZmJJQ35L8BtIbDFcKc9FQiWU6BFtIRF825bDQTiR7BViBVDsrHlDQhrH6B1hW4DcMIQBQwf64BxKHyD8Of/4P++J6BdTiPEsoFZDQ03f7BlBBQEc46BIQ9ow8BhU4+DMaRWJQjXq8BdoFVDslDNIQCBm9BZ5QzCMpwFJQlD99BhArGEcPKsLQuzX9B9mEbEM7RxLQ1417BRhrhE8eUoJQ8R48BlNbcFMpOHPQowK/Bh5bnF8NYXNQSaZ7BpQCiF8dssKQtus/BR6GHF87dLJQ2A14B1rZ1EsWnpIQWqF9BJXF6E86LYDQfME5BhMeIFc6mVBQCHH7BJMo5CMk2sBQCcE4Bd5GFE8PbjyP3N44BtpiVD8hjizP2z89Bd6mkEcyrNNQ 1csl_bps_NATIVE_1csl.pdb
L5Q7ACViBhFsX6GDQlD9BCJFuUFMEYFGQqGPBCtxL3FMqGPBQ3kgACd8STFsEDC8PsHF/BRKcbFchrHxPCBW+BFueKFMnEDuvqGP9B1NJ4EcJGEoPnETAClCXBFMueU6v2jiAChVOOFs9owBw5Q79BJwKlEM+TNuve+e/BxfqrE8hWk9vBWp9BltztE81jCDwhAb/BNc9WEcjX6uPWOk/BpFZBEMBW5gP8Sn+BFDC0DcwKH2voacAC5lupDcepb4PpbCBCxgA3DcjX6AQXPiBCpbScDMtI7DQT38AClBBSEcjX6BQktTAC57neEcy258PGle9Bph5fF8nQf4Psi1/BBT3nF8PrxdPkp/8BhHUQFcfuY4vQKHBCFXXAFcTT+zvceR8BFE5dEMBmYzvLXdACZHihEc+NR/vEo98BpZnfEsmHAEwqBgACV0HLD8M0l1PFFXBCx8KYEcw9HFQrBRACN/8tEsl4e+P 1csl_bps_NATIVE_1csl.pdb
LamBCC989PF8gALEwzh+CCFtITFcGEY/vDX/BCJv0fFcktTIwiWUCCNc94E8bSsGwbnfBCZPKwE825bJwZ7sBChVOYEc3koJw14VBCFueOEM+TNGw67HDCFCsQE8MzMKw35TDCRhrPEMCsCNwx1LCCRKc5D8bSMFwLHKDC1Mz0DMoa8IwjXqCCZlDVDMoasKwCsyCCRgV+Dc0is/vy2JDCBBWZD8bSM6vXPCDCZQg1CMZ789v2jqDCJGEgD8bSMIv2O3DCRKcDE8fqxxP+TVECpw1DEcxgA+PwKfDC5luVEMDCsivR2+CCZlDTEMmuJ7vlcjACFHNzEcBKCJwdzuBCR272EcY1ILwp1HBCBfkSEcR+CLwngwDCxcmaE86aXJwCfmBCVHQgDsqdDFwajDECFGgtDs2dTIweHtCC9fL5Cc3FzJw5u6DCVHfGDM5jtvP/QmDCVYLkEc06okPxFvCCFm3fE8EIN/v 1csl_bps_NATIVE_1csl.pdb
LCsyECZPKOE8LdTOw35zFCpEDWE857XMw4PtECNJGYEcMIgQwb8CFCZmZqD8gArOwGZbECVjXSD8fqZQwzMDFChpbmCs78dQwYlrECpvfOC8w1jOwuekGCZktnCMEYdQw3kIHCBqGzCsX6uRwmuxFCpvfqBceprNw0i8GCpFZ7BsBBmPwHaRICJv0lB8xL9Owc9AGChAr8B8Gv0KwNzUGCJxg4A80NJJwFueGC9TNe/LDC8JwsHdGCJEYNBMUN+EwNzUGCFCsOCc0isCwiBZGCVjXSCMT3k7vO0CGClYQwCsU4aGwsy5FCZ5QnC8hW0JwU3dDCVnDQDMHYOQwpDkECB/ihD8r1PRwtRtECpOmXCM3oQRwiy3GCVAT8CMbbkPwfzgFC5vNuAsFG0NwshcGCttcyBMtr7NwjMSICNHEtAsxsHOwkhqGCtWPeAcYwhCwY/8FCJl2NDsjILFw5ktFCFo/+C8ccCLw 1csl_bps_NATIVE_1csl.pdb
